// Jest Snapshot v1, https://goo.gl/fbAQLP

exports[`<polymer3-app /> should render the heading 1`] = `
<polymer3-app>
   
  <h1>
    Polymer3 Playground
  </h1>
   
</polymer3-app>
`
